// Vitest Snapshot v1

exports[`profile badge renders correctly 1`] = `
{
  "asFragment": [Function],
  "baseElement": <body>
    <div>
      <div
        class="chakra-stack css-1dq2vho"
      >
        <div
          aria-label="Marquis Gutmann"
          class="initials-avatar"
          role="img"
        >
          <div>
            MG
          </div>
        </div>
        <div
          class="css-0"
          data-testid="userProfileBadge"
        >
          <p
            class="chakra-text css-w75v0a"
            role="paragraph"
          >
            Marquis Gutmann
          </p>
          <p
            class="chakra-text css-1s07rjm"
            role="paragraph"
          >
            Marquis_Gutmann69@yahoo.com
          </p>
        </div>
      </div>
    </div>
  </body>,
  "container": <div>
    <div
      class="chakra-stack css-1dq2vho"
    >
      <div
        aria-label="Marquis Gutmann"
        class="initials-avatar"
        role="img"
      >
        <div>
          MG
        </div>
      </div>
      <div
        class="css-0"
        data-testid="userProfileBadge"
      >
        <p
          class="chakra-text css-w75v0a"
          role="paragraph"
        >
          Marquis Gutmann
        </p>
        <p
          class="chakra-text css-1s07rjm"
          role="paragraph"
        >
          Marquis_Gutmann69@yahoo.com
        </p>
      </div>
    </div>
  </div>,
  "debug": [Function],
  "findAllByAltText": [Function],
  "findAllByDisplayValue": [Function],
  "findAllByLabelText": [Function],
  "findAllByPlaceholderText": [Function],
  "findAllByRole": [Function],
  "findAllByTestId": [Function],
  "findAllByText": [Function],
  "findAllByTitle": [Function],
  "findByAltText": [Function],
  "findByDisplayValue": [Function],
  "findByLabelText": [Function],
  "findByPlaceholderText": [Function],
  "findByRole": [Function],
  "findByTestId": [Function],
  "findByText": [Function],
  "findByTitle": [Function],
  "getAllByAltText": [Function],
  "getAllByDisplayValue": [Function],
  "getAllByLabelText": [Function],
  "getAllByPlaceholderText": [Function],
  "getAllByRole": [Function],
  "getAllByTestId": [Function],
  "getAllByText": [Function],
  "getAllByTitle": [Function],
  "getByAltText": [Function],
  "getByDisplayValue": [Function],
  "getByLabelText": [Function],
  "getByPlaceholderText": [Function],
  "getByRole": [Function],
  "getByTestId": [Function],
  "getByText": [Function],
  "getByTitle": [Function],
  "queryAllByAltText": [Function],
  "queryAllByDisplayValue": [Function],
  "queryAllByLabelText": [Function],
  "queryAllByPlaceholderText": [Function],
  "queryAllByRole": [Function],
  "queryAllByTestId": [Function],
  "queryAllByText": [Function],
  "queryAllByTitle": [Function],
  "queryByAltText": [Function],
  "queryByDisplayValue": [Function],
  "queryByLabelText": [Function],
  "queryByPlaceholderText": [Function],
  "queryByRole": [Function],
  "queryByTestId": [Function],
  "queryByText": [Function],
  "queryByTitle": [Function],
  "rerender": [Function],
  "unmount": [Function],
}
`;
